{
  "items": [
    {
      "type": "header",
      "text": "# Header 1",
      "children": [
        {
          "type": "header",
          "text": "## Header 2",
          "children": [
            {
              "type": "header",
              "text": "### Header 3"
            }
          ]
        }
      ]
    }
  ]
}