{
  "items": [
    {
      "type": "separator",
      "text": "---",
      "children": [
        {
          "type": "empty",
          "text": ""
        }
      ]
    },
    {
      "type": "separator",
      "text": "- ---"
    }
  ]
}